<?xml version="1.0" encoding="UTF-8" standalone="yes"?>
<ns3:FatturaElettronica xmlns:ns3="http://www.fatturapa.gov.it/sdi/fatturapa/v1.1" versione="1.1">
    <FatturaElettronicaHeader>
        <DatiTrasmissione>
            <IdTrasmittente>
                <IdPaese>IT</IdPaese>
                <IdCodice>00229010442</IdCodice>
            </IdTrasmittente>
            <ProgressivoInvio>00002</ProgressivoInvio>
            <FormatoTrasmissione>SDI11</FormatoTrasmissione>
            <CodiceDestinatario>B7TZLF</CodiceDestinatario>
            <ContattiTrasmittente/>
        </DatiTrasmissione>
        <CedentePrestatore>
            <DatiAnagrafici>
                <IdFiscaleIVA>
                    <IdPaese>IT</IdPaese>
                    <IdCodice>00229010442</IdCodice>
                </IdFiscaleIVA>
                <Anagrafica>
                    <Denominazione>COMUNE DI ASCOLI PICENO</Denominazione>
                </Anagrafica>
                <RegimeFiscale>RF01</RegimeFiscale>
            </DatiAnagrafici>
            <Sede>
                <Indirizzo>PIAZZA ARRINGO</Indirizzo>
                <NumeroCivico>7</NumeroCivico>
                <CAP>63100</CAP>
                <Comune>ASCOLI PICENO</Comune>
                <Nazione>IT</Nazione>
            </Sede>
        </CedentePrestatore>
        <CessionarioCommittente>
            <DatiAnagrafici>
                <CodiceFiscale>02175860424</CodiceFiscale>
                <Anagrafica>
                    <Denominazione>REGIONE MARCHE ASUR AV5</Denominazione>
                </Anagrafica>
            </DatiAnagrafici>
            <Sede>
                <Indirizzo>VIA DEGLI IRIS</Indirizzo>
                <CAP>63100</CAP>
                <Comune>ASCOLI PICENO</Comune>
                <Nazione>IT</Nazione>
            </Sede>
        </CessionarioCommittente>
    </FatturaElettronicaHeader>
    <FatturaElettronicaBody>
        <DatiGenerali>
            <DatiGeneraliDocumento>
                <TipoDocumento>TD01</TipoDocumento>
                <Divisa>EUR</Divisa>
                <Data>2015-05-30</Data>
                <Numero>44/2015</Numero>
                <ImportoTotaleDocumento>82.89</ImportoTotaleDocumento>
                <Arrotondamento>0.00</Arrotondamento>
            </DatiGeneraliDocumento>
            <DatiDDT>
                <NumeroDDT>106</NumeroDDT>
                <DataDDT>2015-05-21+02:00</DataDDT>
            </DatiDDT>
            <DatiDDT>
                <NumeroDDT>107</NumeroDDT>
                <DataDDT>2015-05-30+02:00</DataDDT>
            </DatiDDT>
        </DatiGenerali>
        <DatiBeniServizi>
            <DettaglioLinee>
                <NumeroLinea>1</NumeroLinea>
                <Descrizione>AFTIR GEL ANTIPARASSITARIO 40G</Descrizione>
                <Quantita>0.00</Quantita>
                <PrezzoUnitario>12.21</PrezzoUnitario>
                <PrezzoTotale>12.21</PrezzoTotale>
                <AliquotaIVA>22.00</AliquotaIVA>
            </DettaglioLinee>
            <DettaglioLinee>
                <NumeroLinea>2</NumeroLinea>
                <Descrizione>MIRAPEXIN*30CPR2,1MG RP</Descrizione>
                <Quantita>0.00</Quantita>
                <PrezzoUnitario>61.81</PrezzoUnitario>
                <PrezzoTotale>61.81</PrezzoTotale>
                <AliquotaIVA>10.00</AliquotaIVA>
            </DettaglioLinee>
            <DatiRiepilogo>
                <AliquotaIVA>22.00</AliquotaIVA>
                <SpeseAccessorie>0.00</SpeseAccessorie>
                <Arrotondamento>0.00</Arrotondamento>
                <ImponibileImporto>12.21</ImponibileImporto>
                <Imposta>2.69</Imposta>
            </DatiRiepilogo>
            <DatiRiepilogo>
                <AliquotaIVA>10.00</AliquotaIVA>
                <SpeseAccessorie>0.00</SpeseAccessorie>
                <Arrotondamento>0.00</Arrotondamento>
                <ImponibileImporto>61.81</ImponibileImporto>
                <Imposta>6.18</Imposta>
            </DatiRiepilogo>
        </DatiBeniServizi>
    </FatturaElettronicaBody>
</ns3:FatturaElettronica>